IfThenElse(true,ThenClause(IfThenElse(true,ThenClause(Return(A)),ElseClause(Return(B)))),ElseClause(Return(C)))
